../Core/Src/BootLoader.c:29:6:blUartReadData	16	static
../Core/Src/BootLoader.c:87:6:blJumpUserAppl	24	static,ignoring_inline_asm
../Core/Src/BootLoader.c:108:6:blHandleGetVerCmd	32	static
../Core/Src/BootLoader.c:136:6:blHandleGetHelpCmd	24	static
../Core/Src/BootLoader.c:159:6:blHandleGetCIDCmd	32	static
../Core/Src/BootLoader.c:185:6:blHandleGetRdpCmd	32	static
../Core/Src/BootLoader.c:211:6:blHandleGoCmd	32	static
../Core/Src/BootLoader.c:263:6:blHandleFlashEraseCmd	32	static
../Core/Src/BootLoader.c:293:6:blHandleMemWriteCmd	40	static
../Core/Src/BootLoader.c:344:6:blHandleEnRwProtect	16	static
../Core/Src/BootLoader.c:349:6:blHandleMemRead	16	static
../Core/Src/BootLoader.c:353:6:blHandleSectorReadProtectStatus	32	static
../Core/Src/BootLoader.c:379:6:blHandleReadOtp	16	static
../Core/Src/BootLoader.c:384:6:blHandleDisRWProtect	16	static
../Core/Src/BootLoader.c:390:6:blSendAck	24	static
../Core/Src/BootLoader.c:400:6:blSendNack	16	static
../Core/Src/BootLoader.c:407:9:blVerifyCrc	40	static
../Core/Src/BootLoader.c:427:9:getBLVersion	16	static
../Core/Src/BootLoader.c:434:6:blUARTWriteData	16	static
../Core/Src/BootLoader.c:439:10:getMCUChipID	16	static
../Core/Src/BootLoader.c:446:9:getFlashRdpLevel	16	static
../Core/Src/BootLoader.c:462:9:verifyAddr	24	static
../Core/Src/BootLoader.c:494:9:excuteFlashErase	48	static
../Core/Src/BootLoader.c:542:9:excuteMemWrite	40	static
../Core/Src/BootLoader.c:555:9:configureFlashSectorRWProtection	24	static
../Core/Src/BootLoader.c:561:10:readOBRProtectionStatus	40	static
../Core/Src/BootLoader.c:574:6:debugMsg	96	static
